2024-04-17 14:52:33.846 [http-nio-2002-exec-1] WARN  c.u.r.service.impl.FoodServiceImpl - No food item found with name: rie
2024-04-17 14:52:54.382 [http-nio-2002-exec-3] INFO  c.u.r.service.impl.FoodServiceImpl - Got FoodItemDto(foodName=Rice, foodPrice=950.00)
2024-04-17 17:04:42.262 [http-nio-2002-exec-7] INFO  c.u.r.service.impl.FoodServiceImpl - Retrieved all foods
2024-04-17 17:06:38.889 [http-nio-2002-exec-1] INFO  c.u.r.service.impl.FoodServiceImpl - Retrieved all foods
2024-04-17 17:08:21.745 [http-nio-2002-exec-6] INFO  c.u.r.service.impl.FoodServiceImpl - Retrieved all foods
2024-04-17 17:11:14.876 [http-nio-2002-exec-1] INFO  c.u.r.service.impl.FoodServiceImpl - Retrieved all foods
2024-04-17 17:15:17.539 [http-nio-2002-exec-1] INFO  c.u.r.service.impl.FoodServiceImpl - Retrieved all foods
2024-04-17 17:15:27.672 [http-nio-2002-exec-4] INFO  c.u.r.service.impl.FoodServiceImpl - Retrieved all foods
2024-04-17 17:23:28.208 [http-nio-2002-exec-1] INFO  c.u.r.service.impl.FoodServiceImpl - Retrieved all foods
2024-04-17 17:23:38.878 [http-nio-2002-exec-4] INFO  c.u.r.service.impl.FoodServiceImpl - Retrieved all foods
2024-04-18 09:01:11.741 [http-nio-2002-exec-2] INFO  c.u.r.service.impl.FoodServiceImpl - Retrieved all foods
2024-04-18 09:02:23.524 [http-nio-2002-exec-1] INFO  c.u.r.service.impl.FoodServiceImpl - Retrieved all foods
2024-04-18 09:02:53.102 [http-nio-2002-exec-3] INFO  c.u.r.service.impl.FoodServiceImpl - Retrieved all foods
2024-04-18 09:04:02.661 [http-nio-2002-exec-1] INFO  c.u.r.service.impl.FoodServiceImpl - Retrieved all foods
2024-04-18 09:09:33.909 [http-nio-2002-exec-6] INFO  c.u.r.service.impl.FoodServiceImpl - Retrieved all foods
2024-04-18 09:11:17.826 [http-nio-2002-exec-2] INFO  c.u.r.service.impl.FoodServiceImpl - Retrieved all foods
2024-04-18 09:18:08.893 [http-nio-2002-exec-2] INFO  c.u.r.service.impl.FoodServiceImpl - Retrieved all foods
2024-04-18 09:26:13.098 [http-nio-2002-exec-1] INFO  c.u.r.service.impl.FoodServiceImpl - Retrieved all foods
2024-04-18 09:26:26.402 [http-nio-2002-exec-3] INFO  c.u.r.service.impl.FoodServiceImpl - Retrieved all foods
2024-04-18 11:59:41.083 [http-nio-2002-exec-1] INFO  c.u.r.service.impl.FoodServiceImpl - Retrieved all foods
2024-04-18 12:02:47.473 [http-nio-2002-exec-4] INFO  c.u.r.service.impl.FoodServiceImpl - Retrieved all foods
2024-04-18 12:03:26.326 [http-nio-2002-exec-9] INFO  c.u.r.service.impl.FoodServiceImpl - Food added: Amala 100
2024-04-18 12:03:39.354 [http-nio-2002-exec-1] INFO  c.u.r.service.impl.FoodServiceImpl - Retrieved all foods
2024-04-18 12:14:27.844 [http-nio-2002-exec-7] INFO  c.u.r.service.impl.FoodServiceImpl - Food added: Eba 100
2024-04-18 12:16:29.529 [http-nio-2002-exec-7] INFO  c.u.r.service.impl.FoodServiceImpl - Food added: Starch 100
2024-04-18 12:16:55.178 [http-nio-2002-exec-1] INFO  c.u.r.service.impl.FoodServiceImpl - Retrieved all foods
2024-04-18 12:16:55.178 [http-nio-2002-exec-1] INFO  c.u.r.service.impl.FoodServiceImpl - Retrieved all foods from backend
2024-04-18 12:38:42.861 [http-nio-2002-exec-3] INFO  c.u.r.service.impl.FoodServiceImpl - Retrieved all foods
2024-04-18 12:38:42.862 [http-nio-2002-exec-3] INFO  c.u.r.service.impl.FoodServiceImpl - Retrieved all foods from cache
2024-04-18 12:45:32.781 [http-nio-2002-exec-1] INFO  c.u.r.service.impl.FoodServiceImpl - Retrieved all foods
2024-04-18 12:45:32.781 [http-nio-2002-exec-1] INFO  c.u.r.service.impl.FoodServiceImpl - Retrieved all foods from cache
2024-04-18 12:59:13.697 [http-nio-2002-exec-5] INFO  c.u.r.service.impl.FoodServiceImpl - Food added: kuli kuli 100
2024-04-18 12:59:33.828 [http-nio-2002-exec-1] INFO  c.u.r.service.impl.FoodServiceImpl - Retrieved all foods
2024-04-18 12:59:33.828 [http-nio-2002-exec-1] INFO  c.u.r.service.impl.FoodServiceImpl - Retrieved all foods from cache
2024-04-18 12:59:49.696 [http-nio-2002-exec-3] INFO  c.u.r.service.impl.FoodServiceImpl - Food added: kuli 100
2024-04-18 13:02:16.480 [http-nio-2002-exec-9] INFO  c.u.r.service.impl.FoodServiceImpl - Food updated from com.user.restaurantapp.model.FoodItem@2d35f06dto FoodItemDto(foodName=Kuli, foodPrice=10)
2024-04-18 13:04:56.494 [http-nio-2002-exec-4] INFO  c.u.r.service.impl.FoodServiceImpl - Food added: Chin 100
2024-04-18 13:05:20.921 [http-nio-2002-exec-4] INFO  c.u.r.service.impl.FoodServiceImpl - Retrieved all foods
2024-04-18 13:05:20.922 [http-nio-2002-exec-4] INFO  c.u.r.service.impl.FoodServiceImpl - Retrieved all foods from cache
2024-04-18 13:05:38.800 [http-nio-2002-exec-9] INFO  c.u.r.service.impl.FoodServiceImpl - Retrieved all foods
2024-04-18 13:05:38.801 [http-nio-2002-exec-9] INFO  c.u.r.service.impl.FoodServiceImpl - Retrieved all foods from cache
2024-04-18 13:05:49.160 [http-nio-2002-exec-1] INFO  c.u.r.service.impl.FoodServiceImpl - Retrieved all foods
2024-04-18 13:05:49.160 [http-nio-2002-exec-1] INFO  c.u.r.service.impl.FoodServiceImpl - Retrieved all foods from cache
2024-04-18 13:26:41.333 [http-nio-2002-exec-1] INFO  c.u.r.service.impl.FoodServiceImpl - Retrieved all foods
2024-04-18 13:26:41.334 [http-nio-2002-exec-1] INFO  c.u.r.service.impl.FoodServiceImpl - Retrieved all foods from cache
2024-04-18 13:36:47.046 [http-nio-2002-exec-3] INFO  c.u.r.service.impl.FoodServiceImpl - Retrieved all foods
2024-04-18 13:36:47.047 [http-nio-2002-exec-3] INFO  c.u.r.service.impl.FoodServiceImpl - Retrieved all foods from cache
2024-04-18 13:49:02.757 [http-nio-2002-exec-2] INFO  c.u.r.service.impl.FoodServiceImpl - Retrieved all foods
2024-04-18 13:49:02.758 [http-nio-2002-exec-2] INFO  c.u.r.service.impl.FoodServiceImpl - Retrieved all foods from cache
2024-04-18 13:49:26.264 [http-nio-2002-exec-9] INFO  c.u.r.service.impl.FoodServiceImpl - Food added: Fish 450
2024-04-18 13:49:31.519 [http-nio-2002-exec-10] INFO  c.u.r.service.impl.FoodServiceImpl - Retrieved all foods
2024-04-18 13:49:31.519 [http-nio-2002-exec-10] INFO  c.u.r.service.impl.FoodServiceImpl - Retrieved all foods from cache
2024-04-18 14:09:23.827 [http-nio-2002-exec-7] INFO  c.u.r.service.impl.FoodServiceImpl - Food Item: Beanswith price: 950.00 has been deleted
2024-04-18 14:10:04.860 [http-nio-2002-exec-9] ERROR c.u.r.service.impl.FoodServiceImpl - Failed to delete Food Item: " + foodItem.get().getFoodName()
"with price: " + foodItem.get().getFoodPrice().toString()
2024-05-02 09:00:09.731 [http-nio-2002-exec-1] INFO  c.u.r.service.impl.FoodServiceImpl - Retrieved all foods
2024-05-02 09:00:09.732 [http-nio-2002-exec-1] INFO  c.u.r.service.impl.FoodServiceImpl - Retrieved all foods from cache
2024-05-03 15:59:26.330 [http-nio-2002-exec-9] INFO  c.u.r.service.impl.FoodServiceImpl - Retrieved all foods
2024-05-03 15:59:26.331 [http-nio-2002-exec-9] INFO  c.u.r.service.impl.FoodServiceImpl - Retrieved all foods from cache
2024-05-08 09:58:53.052 [http-nio-2002-exec-4] INFO  c.u.r.service.impl.FoodServiceImpl - Retrieved all foods
2024-05-11 22:47:15.157 [http-nio-2002-exec-2] INFO  c.u.r.service.impl.FoodServiceImpl - Retrieved all foods
2024-05-11 22:47:28.520 [http-nio-2002-exec-8] INFO  c.u.r.service.impl.FoodServiceImpl - Food added: Beans 100
2024-05-11 22:47:32.551 [http-nio-2002-exec-9] INFO  c.u.r.service.impl.FoodServiceImpl - Retrieved all foods
2024-05-11 23:25:34.350 [http-nio-2002-exec-6] INFO  c.u.r.service.impl.FoodServiceImpl - Food added: beans 10
2024-05-12 11:02:18.465 [main] INFO  c.u.r.service.impl.FoodServiceImpl - Food added: Beans 10
2024-05-12 11:12:09.807 [main] INFO  c.u.r.service.impl.FoodServiceImpl - Food added: Beans 10
2024-05-12 15:50:47.308 [main] WARN  c.u.r.service.impl.FoodServiceImpl - Failed to add food: Food name is blank
2024-05-12 15:53:17.841 [main] WARN  c.u.r.service.impl.FoodServiceImpl - Failed to add food: Food name is blank
2024-05-12 15:57:17.711 [main] WARN  c.u.r.service.impl.FoodServiceImpl - Failed to add food: Food name is blank
2024-05-12 15:58:05.183 [main] WARN  c.u.r.service.impl.FoodServiceImpl - Failed to add food: Food name is blank
2024-05-12 16:01:04.095 [main] WARN  c.u.r.service.impl.FoodServiceImpl - Failed to add food: Food name is blank
2024-05-12 16:03:04.365 [main] WARN  c.u.r.service.impl.FoodServiceImpl - Failed to add food: Food name is blank
2024-05-12 16:07:16.172 [main] WARN  c.u.r.service.impl.FoodServiceImpl - Failed to add food: Food name is blank
2024-05-12 16:10:36.368 [main] WARN  c.u.r.service.impl.FoodServiceImpl - Failed to add food: Invalid food price
2024-05-12 16:15:52.725 [main] WARN  c.u.r.service.impl.FoodServiceImpl - Failed to add food: Food name is blank
2024-05-12 16:15:52.725 [main] WARN  c.u.r.service.impl.FoodServiceImpl - Failed to add food: Invalid food price
2024-05-12 16:43:52.937 [main] INFO  c.u.r.service.impl.FoodServiceImpl - Retrieved all foods
2024-06-05 14:40:18.726 [main] INFO  c.u.r.service.impl.FoodServiceImpl - Food added: Beans 10
2024-06-05 14:40:18.765 [main] WARN  c.u.r.service.impl.FoodServiceImpl - Failed to add food: Food name is blank
2024-06-05 14:40:18.766 [main] WARN  c.u.r.service.impl.FoodServiceImpl - Failed to add food: Invalid food price
2024-06-05 14:40:18.805 [main] INFO  c.u.r.service.impl.FoodServiceImpl - Retrieved all foods
2024-06-10 14:35:11.337 [main] INFO  c.u.r.service.impl.FoodServiceImpl - Food added: Beans 10
2024-06-10 14:35:11.636 [main] WARN  c.u.r.service.impl.FoodServiceImpl - Failed to add food: Food name is blank
2024-06-10 14:35:11.637 [main] WARN  c.u.r.service.impl.FoodServiceImpl - Failed to add food: Invalid food price
2024-06-10 14:35:11.663 [main] INFO  c.u.r.service.impl.FoodServiceImpl - Retrieved all foods
2024-06-10 14:39:22.307 [main] INFO  c.u.r.service.impl.FoodServiceImpl - Food added: Beans 10
2024-06-10 14:39:22.516 [main] WARN  c.u.r.service.impl.FoodServiceImpl - Failed to add food: Food name is blank
2024-06-10 14:39:22.517 [main] WARN  c.u.r.service.impl.FoodServiceImpl - Failed to add food: Invalid food price
2024-06-10 14:39:22.559 [main] INFO  c.u.r.service.impl.FoodServiceImpl - Retrieved all foods
2024-06-10 14:53:40.059 [main] INFO  c.u.r.service.impl.FoodServiceImpl - Food added: Beans 10
2024-06-10 14:53:40.224 [main] WARN  c.u.r.service.impl.FoodServiceImpl - Failed to add food: Food name is blank
2024-06-10 14:53:40.225 [main] WARN  c.u.r.service.impl.FoodServiceImpl - Failed to add food: Invalid food price
2024-06-10 14:53:40.254 [main] INFO  c.u.r.service.impl.FoodServiceImpl - Retrieved all foods
2024-06-10 14:59:52.237 [main] INFO  c.u.r.service.impl.FoodServiceImpl - Food added: Beans 10
2024-06-10 14:59:52.577 [main] WARN  c.u.r.service.impl.FoodServiceImpl - Failed to add food: Food name is blank
2024-06-10 14:59:52.585 [main] WARN  c.u.r.service.impl.FoodServiceImpl - Failed to add food: Invalid food price
2024-06-10 14:59:52.673 [main] INFO  c.u.r.service.impl.FoodServiceImpl - Retrieved all foods
2024-06-10 15:03:37.470 [main] INFO  c.u.r.service.impl.FoodServiceImpl - Food added: Beans 10
2024-06-10 15:03:37.655 [main] WARN  c.u.r.service.impl.FoodServiceImpl - Failed to add food: Food name is blank
2024-06-10 15:03:37.657 [main] WARN  c.u.r.service.impl.FoodServiceImpl - Failed to add food: Invalid food price
2024-06-10 15:03:37.682 [main] INFO  c.u.r.service.impl.FoodServiceImpl - Retrieved all foods
2024-06-10 15:08:33.019 [main] INFO  c.u.r.service.impl.FoodServiceImpl - Food added: Beans 10
2024-06-10 15:08:34.355 [main] WARN  c.u.r.service.impl.FoodServiceImpl - Failed to add food: Food name is blank
2024-06-10 15:08:34.357 [main] WARN  c.u.r.service.impl.FoodServiceImpl - Failed to add food: Invalid food price
2024-06-10 15:08:34.401 [main] INFO  c.u.r.service.impl.FoodServiceImpl - Retrieved all foods
2024-06-10 16:21:05.173 [main] INFO  c.u.r.service.impl.FoodServiceImpl - Food added: Beans 10
2024-06-10 16:21:05.388 [main] WARN  c.u.r.service.impl.FoodServiceImpl - Failed to add food: Food name is blank
2024-06-10 16:21:05.390 [main] WARN  c.u.r.service.impl.FoodServiceImpl - Failed to add food: Invalid food price
2024-06-10 16:21:05.413 [main] INFO  c.u.r.service.impl.FoodServiceImpl - Retrieved all foods
2024-06-13 09:10:02.435 [http-nio-2002-exec-5] INFO  c.u.r.service.impl.FoodServiceImpl - Retrieved all foods
2024-06-13 09:10:17.139 [http-nio-2002-exec-6] WARN  c.u.r.service.impl.FoodServiceImpl - No food item found with name: rice
2024-06-13 09:14:56.483 [main] INFO  c.u.r.service.impl.FoodServiceImpl - Food added: Beans 10
2024-06-13 09:14:56.737 [main] WARN  c.u.r.service.impl.FoodServiceImpl - Failed to add food: Food name is blank
2024-06-13 09:14:56.738 [main] WARN  c.u.r.service.impl.FoodServiceImpl - Failed to add food: Invalid food price
2024-06-13 09:14:56.783 [main] INFO  c.u.r.service.impl.FoodServiceImpl - Retrieved all foods
2024-06-19 11:49:28.342 [main] INFO  c.u.r.service.impl.FoodServiceImpl - Food added: Beans 10
2024-06-19 11:49:28.553 [main] WARN  c.u.r.service.impl.FoodServiceImpl - Failed to add food: Food name is blank
2024-06-19 11:49:28.556 [main] WARN  c.u.r.service.impl.FoodServiceImpl - Failed to add food: Invalid food price
2024-06-19 11:49:28.586 [main] INFO  c.u.r.service.impl.FoodServiceImpl - Retrieved all foods
2024-06-23 18:24:01.285 [http-nio-2002-exec-7] WARN  c.u.r.service.impl.FoodServiceImpl - Failed to add food: Food name is blank
2024-06-23 18:24:01.286 [http-nio-2002-exec-7] WARN  c.u.r.service.impl.FoodServiceImpl - Failed to add food: Invalid food price
2024-06-23 18:24:11.207 [http-nio-2002-exec-9] WARN  c.u.r.service.impl.FoodServiceImpl - Failed to add food: Food name is blank
2024-06-23 18:24:11.368 [http-nio-2002-exec-9] ERROR c.u.r.service.impl.FoodServiceImpl - Failed to add food: Validation failed for classes [com.user.restaurantapp.model.FoodItem] during persist time for groups [jakarta.validation.groups.Default, ]
List of constraint violations:[
	ConstraintViolationImpl{interpolatedMessage='must not be blank', propertyPath=foodName, rootBeanClass=class com.user.restaurantapp.model.FoodItem, messageTemplate='{jakarta.validation.constraints.NotBlank.message}'}
]
2024-06-23 18:29:02.960 [http-nio-2002-exec-1] ERROR c.u.r.service.impl.FoodServiceImpl - Failed to add food: Validation failed for classes [com.user.restaurantapp.model.FoodItem] during persist time for groups [jakarta.validation.groups.Default, ]
List of constraint violations:[
	ConstraintViolationImpl{interpolatedMessage='must not be blank', propertyPath=foodName, rootBeanClass=class com.user.restaurantapp.model.FoodItem, messageTemplate='{jakarta.validation.constraints.NotBlank.message}'}
]
2024-06-23 18:29:15.851 [http-nio-2002-exec-3] ERROR c.u.r.service.impl.FoodServiceImpl - Failed to add food: Validation failed for classes [com.user.restaurantapp.model.FoodItem] during persist time for groups [jakarta.validation.groups.Default, ]
List of constraint violations:[
	ConstraintViolationImpl{interpolatedMessage='must not be blank', propertyPath=foodName, rootBeanClass=class com.user.restaurantapp.model.FoodItem, messageTemplate='{jakarta.validation.constraints.NotBlank.message}'}
]
2024-06-23 18:29:31.414 [http-nio-2002-exec-1] ERROR c.u.r.service.impl.FoodServiceImpl - Failed to add food: Validation failed for classes [com.user.restaurantapp.model.FoodItem] during persist time for groups [jakarta.validation.groups.Default, ]
List of constraint violations:[
	ConstraintViolationImpl{interpolatedMessage='must not be blank', propertyPath=foodName, rootBeanClass=class com.user.restaurantapp.model.FoodItem, messageTemplate='{jakarta.validation.constraints.NotBlank.message}'}
]
2024-06-23 18:29:40.537 [http-nio-2002-exec-3] INFO  c.u.r.service.impl.FoodServiceImpl - MoiMoi food name is not blank
2024-06-23 18:29:40.537 [http-nio-2002-exec-3] WARN  c.u.r.service.impl.FoodServiceImpl - Failed to add food: Food name is blank
2024-06-23 18:29:40.666 [http-nio-2002-exec-3] INFO  c.u.r.service.impl.FoodServiceImpl - Food added: MoiMoi 10
2024-06-23 18:30:37.670 [http-nio-2002-exec-1] ERROR c.u.r.service.impl.FoodServiceImpl - Failed to add food: Validation failed for classes [com.user.restaurantapp.model.FoodItem] during persist time for groups [jakarta.validation.groups.Default, ]
List of constraint violations:[
	ConstraintViolationImpl{interpolatedMessage='must not be blank', propertyPath=foodName, rootBeanClass=class com.user.restaurantapp.model.FoodItem, messageTemplate='{jakarta.validation.constraints.NotBlank.message}'}
]
2024-06-23 18:30:47.830 [http-nio-2002-exec-3] ERROR c.u.r.service.impl.FoodServiceImpl - Failed to add food: Validation failed for classes [com.user.restaurantapp.model.FoodItem] during persist time for groups [jakarta.validation.groups.Default, ]
List of constraint violations:[
	ConstraintViolationImpl{interpolatedMessage='must not be blank', propertyPath=foodName, rootBeanClass=class com.user.restaurantapp.model.FoodItem, messageTemplate='{jakarta.validation.constraints.NotBlank.message}'}
]
2024-06-23 18:31:49.068 [http-nio-2002-exec-6] WARN  c.u.r.service.impl.FoodServiceImpl - Failed to add food: Invalid food price
2024-06-23 18:37:44.103 [http-nio-2002-exec-2] WARN  c.u.r.service.impl.FoodServiceImpl - Failed to add food: Food name is blank
2024-06-23 18:46:41.755 [http-nio-2002-exec-2] WARN  c.u.r.service.impl.FoodServiceImpl - Failed to add food: Food name is blank
2024-06-23 18:52:10.762 [http-nio-2002-exec-7] INFO  c.u.r.service.impl.FoodServiceImpl - Food added: Pap 100
2024-06-23 19:01:42.839 [http-nio-2002-exec-1] WARN  c.u.r.service.impl.FoodServiceImpl - Failed to add food: Invalid food price
2024-06-23 19:03:11.595 [http-nio-2002-exec-3] WARN  c.u.r.service.impl.FoodServiceImpl - Failed to add food: Food name is blank
2024-06-23 19:04:38.238 [http-nio-2002-exec-5] INFO  c.u.r.service.impl.FoodServiceImpl - Food added: Agidi 10
2024-06-23 19:23:33.572 [http-nio-2002-exec-2] WARN  c.u.r.service.impl.FoodServiceImpl - Failed to add food: Invalid food price
2024-06-23 23:16:16.159 [http-nio-2002-exec-6] INFO  c.u.r.service.impl.FoodServiceImpl - Retrieved all foods
2024-06-23 23:16:33.815 [http-nio-2002-exec-8] INFO  c.u.r.service.impl.FoodServiceImpl - Retrieved all foods
2024-06-23 23:16:40.053 [http-nio-2002-exec-10] INFO  c.u.r.service.impl.FoodServiceImpl - Retrieved all foods
2024-06-23 23:16:45.974 [http-nio-2002-exec-1] INFO  c.u.r.service.impl.FoodServiceImpl - Retrieved all foods
2024-06-23 23:17:09.707 [http-nio-2002-exec-3] INFO  c.u.r.service.impl.FoodServiceImpl - Got FoodItemDto(id=null, foodName=MoiMoi, foodPrice=10.00)
2024-06-24 09:58:12.663 [http-nio-2002-exec-1] WARN  c.u.r.service.impl.FoodServiceImpl - Failed to add food: Invalid food price
2024-06-25 12:03:56.906 [http-nio-2002-exec-2] INFO  c.u.r.service.impl.FoodServiceImpl - Retrieved all foods
2024-06-27 09:49:51.797 [http-nio-2002-exec-6] INFO  c.u.r.service.impl.FoodServiceImpl - Retrieved all foods 3
2024-07-06 23:10:57.241 [http-nio-2002-exec-2] INFO  c.u.r.service.impl.FoodServiceImpl - Retrieved all foods 3
2024-07-06 23:15:48.926 [http-nio-2002-exec-5] INFO  c.u.r.service.impl.FoodServiceImpl - Got FoodItemDto(id=null, foodName=MoiMoi, foodPrice=10.00)
2024-07-06 23:19:43.222 [http-nio-2002-exec-1] INFO  c.u.r.service.impl.FoodServiceImpl - Got FoodItemDto(id=null, foodName=MoiMoi, foodPrice=10.00)
2024-07-06 23:19:46.509 [http-nio-2002-exec-2] INFO  c.u.r.service.impl.FoodServiceImpl - Retrieved all foods 3
2024-07-06 23:21:09.423 [http-nio-2002-exec-1] INFO  c.u.r.service.impl.FoodServiceImpl - Got FoodDto(foodName=MoiMoi, foodPrice=10.00)
2024-07-06 23:22:38.632 [http-nio-2002-exec-1] INFO  c.u.r.service.impl.FoodServiceImpl - Got FoodItemDto(id=1, foodName=MoiMoi, foodPrice=10.00)
2024-07-07 17:58:37.302 [main] INFO  c.u.r.service.impl.FoodServiceImpl - Retrieved all foods 0
2024-07-07 17:59:37.271 [main] INFO  c.u.r.service.impl.FoodServiceImpl - Food added: Beans 10
2024-07-07 18:23:16.377 [main] INFO  c.u.r.service.impl.FoodServiceImpl - Food updated from FoodItem(id=1, foodName=Updated Name, foodPrice=1) to FoodDto(foodName=Updated Name, foodPrice=1)
2024-07-07 18:26:45.853 [main] INFO  c.u.r.service.impl.FoodServiceImpl - Food updated from FoodItem(id=1, foodName=Updated Name, foodPrice=1) to FoodDto(foodName=Updated Name, foodPrice=1)
2024-07-07 18:29:48.419 [main] INFO  c.u.r.service.impl.FoodServiceImpl - Food updated from FoodItem(id=1, foodName=, foodPrice=1) to FoodDto(foodName=, foodPrice=1)
2024-07-07 18:30:47.333 [main] ERROR c.u.r.service.impl.FoodServiceImpl - Food not found else food details did not update with id: 1 and FoodDto(foodName=Updated Name, foodPrice=1)
2024-07-07 18:31:18.844 [main] INFO  c.u.r.service.impl.FoodServiceImpl - Food updated from FoodItem(id=1, foodName=, foodPrice=1) to FoodDto(foodName=, foodPrice=1)
2024-07-07 18:35:59.875 [main] INFO  c.u.r.service.impl.FoodServiceImpl - Food updated from FoodItem(id=1, foodName=, foodPrice=1) to FoodDto(foodName=, foodPrice=1)
2024-07-10 09:39:24.963 [http-nio-2002-exec-6] INFO  c.u.r.service.impl.FoodServiceImpl - Food updated from FoodItem(id=1, foodName=, foodPrice=10) to FoodDto(foodName=, foodPrice=10)
2024-07-10 09:43:15.935 [http-nio-2002-exec-2] INFO  c.u.r.service.impl.FoodServiceImpl - Food updated from FoodItem(id=1, foodName=, foodPrice=10) to FoodDto(foodName=, foodPrice=10)
2024-07-10 09:46:11.012 [http-nio-2002-exec-3] INFO  c.u.r.service.impl.FoodServiceImpl - Retrieved all foods 3
2024-07-10 09:46:23.080 [http-nio-2002-exec-5] INFO  c.u.r.service.impl.FoodServiceImpl - Food updated from FoodItem(id=1, foodName=MoiMoi, foodPrice=10) to FoodDto(foodName=MoiMoi, foodPrice=10)
2024-07-10 10:17:02.984 [main] INFO  c.u.r.service.impl.FoodServiceImpl - Food updated from FoodItem(id=1, foodName=Updated Name, foodPrice=1) to FoodDto(foodName=Updated Name, foodPrice=1)
2024-07-10 10:19:59.502 [main] INFO  c.u.r.service.impl.FoodServiceImpl - Food updated from FoodItem(id=1, foodName=Updated Name, foodPrice=1) to FoodDto(foodName=Updated Name, foodPrice=1)
2024-07-10 10:21:23.427 [main] INFO  c.u.r.service.impl.FoodServiceImpl - Food updated from FoodItem(id=1, foodName=Updated Name, foodPrice=1) to FoodDto(foodName=Updated Name, foodPrice=1)
2024-07-10 10:21:23.543 [main] ERROR c.u.r.service.impl.FoodServiceImpl - Food not found else food details did not update with id: 1 and FoodDto(foodName=Updated Name, foodPrice=1)
2024-07-10 14:54:17.514 [http-nio-2002-exec-1] INFO  c.u.r.service.impl.FoodServiceImpl - Retrieved all foods 3
2024-07-13 20:04:41.337 [main] INFO  c.u.r.service.impl.FoodServiceImpl - Food Item: null 
with price: null
2024-07-13 20:05:04.219 [main] INFO  c.u.r.service.impl.FoodServiceImpl - Food Item: null 
with price: null
2024-07-13 20:07:43.990 [main] INFO  c.u.r.service.impl.FoodServiceImpl - Food Item: null 
with price: null
2024-07-13 20:08:58.358 [main] INFO  c.u.r.service.impl.FoodServiceImpl - Food Item: Beans 
with price: 10
2024-07-13 20:09:50.525 [main] INFO  c.u.r.service.impl.FoodServiceImpl - Food Item: null 
with price: null
2024-07-13 20:15:29.032 [main] INFO  c.u.r.service.impl.FoodServiceImpl - Food Item: null 
with price: null
2024-07-13 20:19:35.341 [main] INFO  c.u.r.service.impl.FoodServiceImpl - Food Item: Beans 
with price: 10
2024-07-13 20:23:38.245 [main] INFO  c.u.r.service.impl.FoodServiceImpl - Food Item: Beans 
with price: 10
2024-07-13 20:30:15.397 [main] INFO  c.u.r.service.impl.FoodServiceImpl - Food Item: Beans 
with price: 10
2024-07-13 20:37:26.007 [main] WARN  c.u.r.service.impl.FoodServiceImpl - Failed to add food: Food name is blank
2024-07-13 20:37:26.105 [main] WARN  c.u.r.service.impl.FoodServiceImpl - Failed to add food: Food name is blank
2024-07-13 20:37:26.126 [main] WARN  c.u.r.service.impl.FoodServiceImpl - Failed to add food: Food name is blank
2024-07-13 20:37:26.252 [main] WARN  c.u.r.service.impl.FoodServiceImpl - Failed to add food: Food name is blank
2024-07-14 00:13:46.970 [main] WARN  c.u.r.service.impl.FoodServiceImpl - Failed to add food: Food name is blank
2024-07-14 00:20:06.778 [main] WARN  c.u.r.service.impl.FoodServiceImpl - Failed to add food: Food name is blank
2024-07-14 00:23:03.363 [main] WARN  c.u.r.service.impl.FoodServiceImpl - Failed to add food: Food name is blank
2024-07-14 00:23:51.244 [main] WARN  c.u.r.service.impl.FoodServiceImpl - Failed to add food: Food name is blank
2024-07-14 00:28:49.430 [main] WARN  c.u.r.service.impl.FoodServiceImpl - Failed to add food: Food name is blank
2024-07-14 00:31:24.842 [main] WARN  c.u.r.service.impl.FoodServiceImpl - Failed to add food: Food name is blank
2024-07-14 00:32:26.453 [main] WARN  c.u.r.service.impl.FoodServiceImpl - Failed to add food: Food name is blank
2024-07-14 00:34:01.950 [main] INFO  c.u.r.service.impl.FoodServiceImpl - Food added: beans 10
2024-07-14 00:34:29.629 [main] INFO  c.u.r.service.impl.FoodServiceImpl - Food added: beans 10
2024-07-14 00:36:39.952 [main] INFO  c.u.r.service.impl.FoodServiceImpl - Food added: beans 10
2024-07-14 00:39:40.602 [main] INFO  c.u.r.service.impl.FoodServiceImpl - Food added: Beans 10
2024-07-14 00:45:22.896 [main] WARN  c.u.r.service.impl.FoodServiceImpl - Failed to add food: Food name is blank
2024-07-14 00:45:53.520 [main] WARN  c.u.r.service.impl.FoodServiceImpl - Failed to add food: Food name is blank
2024-07-14 00:46:48.511 [main] WARN  c.u.r.service.impl.FoodServiceImpl - Failed to add food: Food name is blank
2024-07-14 00:48:01.849 [main] WARN  c.u.r.service.impl.FoodServiceImpl - Failed to add food: Food name is blank
2024-07-14 00:49:07.796 [main] WARN  c.u.r.service.impl.FoodServiceImpl - Failed to add food: Food name is blank
2024-07-14 00:54:00.191 [main] WARN  c.u.r.service.impl.FoodServiceImpl - Failed to add food: Food name is blank
2024-07-14 00:54:00.282 [main] INFO  c.u.r.service.impl.FoodServiceImpl - Food added: Beans 10
2024-07-14 00:55:40.845 [main] WARN  c.u.r.service.impl.FoodServiceImpl - Failed to add food: Invalid food price
2024-07-14 22:20:54.214 [main] WARN  c.u.r.service.impl.FoodServiceImpl - Failed to add food: Food name is blank
2024-07-14 22:20:54.300 [main] INFO  c.u.r.service.impl.FoodServiceImpl - Food added: Beans 10
2024-07-14 22:20:54.360 [main] WARN  c.u.r.service.impl.FoodServiceImpl - Failed to add food: Invalid food price
2024-07-14 22:28:13.017 [main] WARN  c.u.r.service.impl.FoodServiceImpl - Failed to add food: Food name is blank
2024-07-14 22:28:13.236 [main] INFO  c.u.r.service.impl.FoodServiceImpl - Food added: Beans 10
2024-07-14 22:28:13.304 [main] WARN  c.u.r.service.impl.FoodServiceImpl - Failed to add food: Invalid food price
2024-07-14 22:35:17.848 [main] WARN  c.u.r.service.impl.FoodServiceImpl - Failed to add food: Food name is blank
2024-07-14 22:35:17.959 [main] INFO  c.u.r.service.impl.FoodServiceImpl - Food added: Beans 10
2024-07-14 22:35:18.097 [main] WARN  c.u.r.service.impl.FoodServiceImpl - Failed to add food: Invalid food price
2024-07-14 22:37:52.836 [main] WARN  c.u.r.service.impl.FoodServiceImpl - Failed to add food: Food name is blank
2024-07-14 22:37:52.959 [main] INFO  c.u.r.service.impl.FoodServiceImpl - Food added: Beans 10
2024-07-14 22:37:52.991 [main] WARN  c.u.r.service.impl.FoodServiceImpl - Failed to add food: Invalid food price
2024-08-23 21:14:53.780 [http-nio-2002-exec-1] INFO  c.u.r.service.impl.FoodServiceImpl - Retrieved all foods 3
2024-08-23 21:15:55.668 [http-nio-2002-exec-7] INFO  c.u.r.service.impl.FoodServiceImpl - Retrieved all foods 3
2024-08-31 15:10:03.032 [http-nio-2002-exec-4] INFO  c.u.r.service.impl.FoodServiceImpl - Retrieved all foods 3
2024-08-31 15:12:13.113 [http-nio-2002-exec-1] INFO  c.u.r.service.impl.FoodServiceImpl - Retrieved all foods 3
2024-08-31 15:15:21.975 [http-nio-2002-exec-1] INFO  c.u.r.service.impl.FoodServiceImpl - Retrieved all foods 3
2024-08-31 15:16:33.464 [http-nio-2002-exec-2] INFO  c.u.r.service.impl.FoodServiceImpl - Food added: Rice 100
2024-08-31 15:16:35.912 [http-nio-2002-exec-3] INFO  c.u.r.service.impl.FoodServiceImpl - Retrieved all foods 4
2024-08-31 15:34:21.112 [http-nio-2002-exec-3] INFO  c.u.r.service.impl.FoodServiceImpl - Retrieved all foods 4
2024-08-31 15:34:23.503 [http-nio-2002-exec-1] INFO  c.u.r.service.impl.FoodServiceImpl - Retrieved all foods 4
2024-08-31 15:35:52.855 [http-nio-2002-exec-1] INFO  c.u.r.service.impl.FoodServiceImpl - Retrieved all foods 4
2024-08-31 15:37:21.484 [http-nio-2002-exec-2] INFO  c.u.r.service.impl.FoodServiceImpl - Retrieved all foods 4
2024-08-31 15:37:23.459 [http-nio-2002-exec-3] INFO  c.u.r.service.impl.FoodServiceImpl - Retrieved all foods 4
2024-08-31 15:37:24.262 [http-nio-2002-exec-5] INFO  c.u.r.service.impl.FoodServiceImpl - Retrieved all foods 4
2024-08-31 15:37:24.814 [http-nio-2002-exec-7] INFO  c.u.r.service.impl.FoodServiceImpl - Retrieved all foods 4
2024-08-31 15:37:25.053 [http-nio-2002-exec-9] INFO  c.u.r.service.impl.FoodServiceImpl - Retrieved all foods 4
2024-08-31 15:37:25.236 [http-nio-2002-exec-2] INFO  c.u.r.service.impl.FoodServiceImpl - Retrieved all foods 4
2024-08-31 15:37:25.418 [http-nio-2002-exec-3] INFO  c.u.r.service.impl.FoodServiceImpl - Retrieved all foods 4
2024-08-31 15:37:25.517 [http-nio-2002-exec-4] INFO  c.u.r.service.impl.FoodServiceImpl - Retrieved all foods 4
2024-08-31 15:37:25.755 [http-nio-2002-exec-7] INFO  c.u.r.service.impl.FoodServiceImpl - Retrieved all foods 4
2024-08-31 15:37:25.820 [http-nio-2002-exec-8] INFO  c.u.r.service.impl.FoodServiceImpl - Retrieved all foods 4
2024-08-31 15:39:40.589 [http-nio-2002-exec-1] INFO  c.u.r.service.impl.FoodServiceImpl - Retrieved all foods 4
2024-08-31 15:40:45.216 [http-nio-2002-exec-1] INFO  c.u.r.service.impl.FoodServiceImpl - Retrieved all foods 4
2024-08-31 15:41:44.481 [http-nio-2002-exec-1] INFO  c.u.r.service.impl.FoodServiceImpl - Retrieved all foods 4
2024-08-31 15:43:16.555 [http-nio-2002-exec-1] INFO  c.u.r.service.impl.FoodServiceImpl - Retrieved all foods 4
2024-08-31 15:44:30.210 [http-nio-2002-exec-7] INFO  c.u.r.service.impl.FoodServiceImpl - Food added: Beans 100
2024-08-31 15:44:37.430 [http-nio-2002-exec-8] INFO  c.u.r.service.impl.FoodServiceImpl - Food added: Meat 100
2024-08-31 15:44:41.047 [http-nio-2002-exec-9] INFO  c.u.r.service.impl.FoodServiceImpl - Retrieved all foods 6
2024-08-31 15:44:54.595 [http-nio-2002-exec-1] INFO  c.u.r.service.impl.FoodServiceImpl - Food added: Yam 100
2024-08-31 15:44:56.355 [http-nio-2002-exec-2] INFO  c.u.r.service.impl.FoodServiceImpl - Retrieved all foods 7
2024-08-31 15:45:06.900 [http-nio-2002-exec-4] INFO  c.u.r.service.impl.FoodServiceImpl - Food added: Plantain 100
2024-08-31 15:45:13.119 [http-nio-2002-exec-5] INFO  c.u.r.service.impl.FoodServiceImpl - Food added: Garri 100
2024-08-31 15:45:16.869 [http-nio-2002-exec-3] INFO  c.u.r.service.impl.FoodServiceImpl - Food added: Fufu 100
2024-08-31 15:45:19.535 [http-nio-2002-exec-6] INFO  c.u.r.service.impl.FoodServiceImpl - Retrieved all foods 10
2024-08-31 15:45:40.925 [http-nio-2002-exec-7] INFO  c.u.r.service.impl.FoodServiceImpl - Food added: Okro 100
2024-08-31 15:45:45.594 [http-nio-2002-exec-9] INFO  c.u.r.service.impl.FoodServiceImpl - Retrieved all foods 11
2024-08-31 15:49:27.868 [http-nio-2002-exec-1] INFO  c.u.r.service.impl.FoodServiceImpl - Retrieved all foods 11
2024-08-31 15:52:30.692 [http-nio-2002-exec-8] INFO  c.u.r.service.impl.FoodServiceImpl - Retrieved all foods 11
2024-08-31 15:53:40.546 [http-nio-2002-exec-3] INFO  c.u.r.service.impl.FoodServiceImpl - Retrieved all foods 11
2024-08-31 15:53:43.126 [http-nio-2002-exec-5] INFO  c.u.r.service.impl.FoodServiceImpl - Retrieved all foods 11
2024-08-31 15:53:46.869 [http-nio-2002-exec-6] INFO  c.u.r.service.impl.FoodServiceImpl - Retrieved all foods 11
2024-08-31 15:57:34.773 [http-nio-2002-exec-9] INFO  c.u.r.service.impl.FoodServiceImpl - Retrieved all foods 11
2024-08-31 15:57:37.025 [http-nio-2002-exec-1] INFO  c.u.r.service.impl.FoodServiceImpl - Retrieved all foods 11
2024-08-31 15:57:38.743 [http-nio-2002-exec-2] INFO  c.u.r.service.impl.FoodServiceImpl - Retrieved all foods 11
2024-08-31 15:57:39.899 [http-nio-2002-exec-4] INFO  c.u.r.service.impl.FoodServiceImpl - Retrieved all foods 11
2024-08-31 15:57:54.114 [http-nio-2002-exec-6] INFO  c.u.r.service.impl.FoodServiceImpl - Retrieved all foods 11
2024-08-31 15:57:55.713 [http-nio-2002-exec-7] INFO  c.u.r.service.impl.FoodServiceImpl - Retrieved all foods 11
2024-08-31 16:06:53.817 [http-nio-2002-exec-10] INFO  c.u.r.service.impl.FoodServiceImpl - Retrieved all foods 11
2024-08-31 16:06:55.671 [http-nio-2002-exec-2] INFO  c.u.r.service.impl.FoodServiceImpl - Retrieved all foods 11
2024-08-31 21:45:02.958 [http-nio-2002-exec-4] INFO  c.u.r.service.impl.FoodServiceImpl - Retrieved all foods 11
2024-08-31 21:52:47.782 [http-nio-2002-exec-10] INFO  c.u.r.service.impl.FoodServiceImpl - Retrieved all foods 11
2024-08-31 22:05:58.689 [http-nio-2002-exec-3] INFO  c.u.r.service.impl.FoodServiceImpl - Retrieved all foods 11
2024-08-31 22:06:01.794 [http-nio-2002-exec-4] INFO  c.u.r.service.impl.FoodServiceImpl - Retrieved all foods 11
2024-08-31 22:07:42.059 [http-nio-2002-exec-7] INFO  c.u.r.service.impl.FoodServiceImpl - Retrieved all foods 11
2024-08-31 22:07:45.659 [http-nio-2002-exec-10] INFO  c.u.r.service.impl.FoodServiceImpl - Retrieved all foods 11
2024-08-31 22:08:10.220 [http-nio-2002-exec-3] INFO  c.u.r.service.impl.FoodServiceImpl - Retrieved all foods 11
2024-08-31 22:31:24.943 [http-nio-2002-exec-2] INFO  c.u.r.service.impl.FoodServiceImpl - Retrieved all foods 11
2024-08-31 22:32:41.692 [http-nio-2002-exec-3] INFO  c.u.r.service.impl.FoodServiceImpl - Got FoodItemDto(id=4, foodName=Rice, foodPrice=100.00)
2024-08-31 23:16:27.770 [http-nio-2002-exec-1] INFO  c.u.r.service.impl.FoodServiceImpl - Retrieved all foods 11
2024-08-31 23:19:13.984 [http-nio-2002-exec-5] INFO  c.u.r.service.impl.FoodServiceImpl - Retrieved all foods 11
2024-08-31 23:20:44.584 [http-nio-2002-exec-1] INFO  c.u.r.service.impl.FoodServiceImpl - Retrieved all foods 11
2024-08-31 23:20:46.700 [http-nio-2002-exec-3] WARN  c.u.r.service.impl.FoodServiceImpl - No food item found with name: null
2024-08-31 23:20:48.692 [http-nio-2002-exec-4] WARN  c.u.r.service.impl.FoodServiceImpl - No food item found with name: null
2024-08-31 23:20:51.098 [http-nio-2002-exec-5] WARN  c.u.r.service.impl.FoodServiceImpl - No food item found with name: null
2024-08-31 23:22:08.724 [http-nio-2002-exec-1] INFO  c.u.r.service.impl.FoodServiceImpl - Retrieved all foods 11
2024-08-31 23:22:11.521 [http-nio-2002-exec-4] WARN  c.u.r.service.impl.FoodServiceImpl - No food item found with name: null
2024-08-31 23:22:13.460 [http-nio-2002-exec-5] WARN  c.u.r.service.impl.FoodServiceImpl - No food item found with name: null
2024-08-31 23:24:35.381 [http-nio-2002-exec-7] WARN  c.u.r.service.impl.FoodServiceImpl - No food item found with name: null
2024-08-31 23:24:43.635 [http-nio-2002-exec-9] INFO  c.u.r.service.impl.FoodServiceImpl - Retrieved all foods 11
2024-08-31 23:24:47.701 [http-nio-2002-exec-1] WARN  c.u.r.service.impl.FoodServiceImpl - No food item found with name: null
2024-09-01 22:39:41.951 [http-nio-2002-exec-1] INFO  c.u.r.service.impl.FoodServiceImpl - Retrieved all foods 11
2024-09-01 22:39:43.855 [http-nio-2002-exec-5] WARN  c.u.r.service.impl.FoodServiceImpl - No food item found with name: favicon.ico
2024-09-01 22:39:44.541 [http-nio-2002-exec-6] INFO  c.u.r.service.impl.FoodServiceImpl - Got FoodItemDto(id=5, foodName=Beans, foodPrice=100.00)
2024-09-01 22:40:43.349 [http-nio-2002-exec-2] INFO  c.u.r.service.impl.FoodServiceImpl - Retrieved all foods 11
2024-09-01 22:40:49.185 [http-nio-2002-exec-5] INFO  c.u.r.service.impl.FoodServiceImpl - Got FoodItemDto(id=8, foodName=Plantain, foodPrice=100.00)
2024-09-01 22:43:22.164 [http-nio-2002-exec-1] INFO  c.u.r.service.impl.FoodServiceImpl - Retrieved all foods 11
2024-09-01 22:43:24.570 [http-nio-2002-exec-4] INFO  c.u.r.service.impl.FoodServiceImpl - Got FoodItemDto(id=3, foodName=Agidi, foodPrice=10.00)
2024-09-01 22:43:26.833 [http-nio-2002-exec-5] INFO  c.u.r.service.impl.FoodServiceImpl - Got FoodItemDto(id=6, foodName=Meat, foodPrice=100.00)
2024-09-01 22:43:28.375 [http-nio-2002-exec-6] INFO  c.u.r.service.impl.FoodServiceImpl - Got FoodItemDto(id=1, foodName=MoiMoi, foodPrice=10.00)
2024-09-01 22:43:41.819 [http-nio-2002-exec-9] INFO  c.u.r.service.impl.FoodServiceImpl - Got FoodItemDto(id=8, foodName=Plantain, foodPrice=100.00)
2024-09-01 22:43:43.766 [http-nio-2002-exec-2] INFO  c.u.r.service.impl.FoodServiceImpl - Got FoodItemDto(id=11, foodName=Okro, foodPrice=100.00)
2024-09-01 22:43:45.751 [http-nio-2002-exec-1] INFO  c.u.r.service.impl.FoodServiceImpl - Got FoodItemDto(id=9, foodName=Garri, foodPrice=100.00)
2024-09-01 22:43:47.947 [http-nio-2002-exec-3] INFO  c.u.r.service.impl.FoodServiceImpl - Got FoodItemDto(id=3, foodName=Agidi, foodPrice=10.00)
2024-09-01 22:56:27.521 [http-nio-2002-exec-1] INFO  c.u.r.service.impl.FoodServiceImpl - Retrieved all foods 11
2024-09-01 22:58:16.979 [http-nio-2002-exec-1] INFO  c.u.r.service.impl.FoodServiceImpl - Retrieved all foods 11
2024-09-01 22:58:24.045 [http-nio-2002-exec-5] WARN  c.u.r.service.impl.FoodServiceImpl - No food item found with name: index.html
2024-09-01 22:59:48.213 [http-nio-2002-exec-1] INFO  c.u.r.service.impl.FoodServiceImpl - Retrieved all foods 11
2024-09-01 22:59:50.701 [http-nio-2002-exec-3] WARN  c.u.r.service.impl.FoodServiceImpl - No food item found with name: add-food.html
2024-09-01 22:59:53.503 [http-nio-2002-exec-4] INFO  c.u.r.service.impl.FoodServiceImpl - Retrieved all foods 11
2024-09-01 23:00:13.876 [http-nio-2002-exec-8] WARN  c.u.r.service.impl.FoodServiceImpl - No food item found with name: index
2024-09-01 23:00:16.662 [http-nio-2002-exec-9] INFO  c.u.r.service.impl.FoodServiceImpl - Retrieved all foods 11
2024-09-01 23:03:00.462 [http-nio-2002-exec-1] INFO  c.u.r.service.impl.FoodServiceImpl - Retrieved all foods 11
2024-09-01 23:03:04.792 [http-nio-2002-exec-6] INFO  c.u.r.service.impl.FoodServiceImpl - Retrieved all foods 11
2024-09-01 23:24:37.482 [http-nio-2002-exec-1] INFO  c.u.r.service.impl.FoodServiceImpl - Retrieved all foods 11
2024-09-01 23:24:40.263 [http-nio-2002-exec-3] INFO  c.u.r.service.impl.FoodServiceImpl - Retrieved all foods 11
2024-09-01 23:24:41.990 [http-nio-2002-exec-5] INFO  c.u.r.service.impl.FoodServiceImpl - Retrieved all foods 11
2024-09-01 23:24:45.506 [http-nio-2002-exec-10] INFO  c.u.r.service.impl.FoodServiceImpl - Retrieved all foods 11
2024-09-01 23:24:46.879 [http-nio-2002-exec-2] INFO  c.u.r.service.impl.FoodServiceImpl - Retrieved all foods 11
2024-09-01 23:26:02.856 [http-nio-2002-exec-10] INFO  c.u.r.service.impl.FoodServiceImpl - Retrieved all foods 11
2024-09-01 23:26:04.105 [http-nio-2002-exec-2] INFO  c.u.r.service.impl.FoodServiceImpl - Retrieved all foods 11
2024-09-01 23:26:05.149 [http-nio-2002-exec-4] INFO  c.u.r.service.impl.FoodServiceImpl - Retrieved all foods 11
2024-09-01 23:26:12.211 [http-nio-2002-exec-6] INFO  c.u.r.service.impl.FoodServiceImpl - Retrieved all foods 11
2024-09-01 23:28:03.597 [http-nio-2002-exec-10] INFO  c.u.r.service.impl.FoodServiceImpl - Retrieved all foods 11
2024-09-01 23:28:04.838 [http-nio-2002-exec-2] INFO  c.u.r.service.impl.FoodServiceImpl - Retrieved all foods 11
2024-09-01 23:28:18.549 [http-nio-2002-exec-4] INFO  c.u.r.service.impl.FoodServiceImpl - Retrieved all foods 11
2024-09-01 23:28:21.651 [http-nio-2002-exec-6] INFO  c.u.r.service.impl.FoodServiceImpl - Got FoodItemDto(id=5, foodName=Beans, foodPrice=100.00)
2024-09-01 23:30:59.665 [http-nio-2002-exec-1] INFO  c.u.r.service.impl.FoodServiceImpl - Food added: Egusi 200
2024-09-01 23:31:03.971 [http-nio-2002-exec-6] INFO  c.u.r.service.impl.FoodServiceImpl - Retrieved all foods 12
2024-09-01 23:37:48.514 [http-nio-2002-exec-1] INFO  c.u.r.service.impl.FoodServiceImpl - Retrieved all foods 12
2024-09-01 23:47:45.432 [http-nio-2002-exec-1] INFO  c.u.r.service.impl.FoodServiceImpl - Retrieved all foods 12
2024-09-01 23:48:23.533 [http-nio-2002-exec-1] INFO  c.u.r.service.impl.FoodServiceImpl - Retrieved all foods 12
2024-09-01 23:48:52.752 [http-nio-2002-exec-2] INFO  c.u.r.service.impl.FoodServiceImpl - Retrieved all foods 12
2024-09-01 23:48:53.380 [http-nio-2002-exec-6] WARN  c.u.r.service.impl.FoodServiceImpl - No food item found with name: favicon.ico
2024-09-01 23:50:29.058 [http-nio-2002-exec-9] INFO  c.u.r.service.impl.FoodServiceImpl - Got FoodItemDto(id=5, foodName=Beans, foodPrice=100.00)
2024-09-02 00:00:15.269 [http-nio-2002-exec-2] INFO  c.u.r.service.impl.FoodServiceImpl - Retrieved all foods 12
2024-09-02 00:00:15.829 [http-nio-2002-exec-3] INFO  c.u.r.service.impl.FoodServiceImpl - Retrieved all foods 12
2024-09-02 00:00:36.019 [http-nio-2002-exec-2] INFO  c.u.r.service.impl.FoodServiceImpl - Got FoodItemDto(id=1, foodName=MoiMoi, foodPrice=10.00)
2024-09-02 00:00:39.067 [http-nio-2002-exec-3] INFO  c.u.r.service.impl.FoodServiceImpl - Got FoodItemDto(id=11, foodName=Okro, foodPrice=100.00)
2024-09-02 00:00:42.123 [http-nio-2002-exec-4] INFO  c.u.r.service.impl.FoodServiceImpl - Got FoodItemDto(id=9, foodName=Garri, foodPrice=100.00)
2024-09-02 00:03:51.361 [http-nio-2002-exec-1] INFO  c.u.r.service.impl.FoodServiceImpl - Retrieved all foods 12
2024-09-02 00:04:41.052 [http-nio-2002-exec-1] INFO  c.u.r.service.impl.FoodServiceImpl - Retrieved all foods 12
2024-09-02 00:05:02.491 [http-nio-2002-exec-7] INFO  c.u.r.service.impl.FoodServiceImpl - Food added: Wheat 100
2024-09-02 00:05:04.521 [http-nio-2002-exec-9] INFO  c.u.r.service.impl.FoodServiceImpl - Retrieved all foods 13
2024-09-02 00:05:06.241 [http-nio-2002-exec-2] INFO  c.u.r.service.impl.FoodServiceImpl - Retrieved all foods 13
2024-09-02 00:05:08.687 [http-nio-2002-exec-4] INFO  c.u.r.service.impl.FoodServiceImpl - Retrieved all foods 13
2024-09-02 00:05:13.867 [http-nio-2002-exec-5] INFO  c.u.r.service.impl.FoodServiceImpl - Retrieved all foods 13
2024-09-02 00:05:15.820 [http-nio-2002-exec-9] INFO  c.u.r.service.impl.FoodServiceImpl - Retrieved all foods 13
2024-09-02 00:05:18.983 [http-nio-2002-exec-1] INFO  c.u.r.service.impl.FoodServiceImpl - Retrieved all foods 13
2024-09-02 00:05:21.114 [http-nio-2002-exec-4] INFO  c.u.r.service.impl.FoodServiceImpl - Retrieved all foods 13
2024-09-02 00:07:30.260 [http-nio-2002-exec-3] INFO  c.u.r.service.impl.FoodServiceImpl - Food added: Oranges 50
2024-09-02 00:10:43.324 [http-nio-2002-exec-1] INFO  c.u.r.service.impl.FoodServiceImpl - Food added: Oranges 50
2024-09-02 00:11:03.731 [http-nio-2002-exec-4] WARN  c.u.r.service.impl.FoodServiceImpl - Failed to add food: Food name is blank
2024-09-02 00:11:05.549 [http-nio-2002-exec-7] WARN  c.u.r.service.impl.FoodServiceImpl - Failed to add food: Food name is blank
2024-09-02 00:11:16.472 [http-nio-2002-exec-9] INFO  c.u.r.service.impl.FoodServiceImpl - Retrieved all foods 15
2024-09-02 00:11:20.900 [http-nio-2002-exec-1] INFO  c.u.r.service.impl.FoodServiceImpl - Retrieved all foods 15
2024-09-02 00:11:23.393 [http-nio-2002-exec-3] INFO  c.u.r.service.impl.FoodServiceImpl - Retrieved all foods 15
2024-09-02 00:12:22.233 [http-nio-2002-exec-1] INFO  c.u.r.service.impl.FoodServiceImpl - Retrieved all foods 15
2024-09-02 00:12:40.261 [http-nio-2002-exec-6] INFO  c.u.r.service.impl.FoodServiceImpl - Got FoodItemDto(id=11, foodName=Okro, foodPrice=100.00)
2024-09-02 00:12:42.906 [http-nio-2002-exec-7] INFO  c.u.r.service.impl.FoodServiceImpl - Retrieved all foods 15
2024-09-02 00:12:57.581 [http-nio-2002-exec-2] INFO  c.u.r.service.impl.FoodServiceImpl - Food added: Potato 100
2024-09-02 00:13:01.256 [http-nio-2002-exec-4] INFO  c.u.r.service.impl.FoodServiceImpl - Retrieved all foods 16
2024-09-02 00:13:07.085 [http-nio-2002-exec-6] INFO  c.u.r.service.impl.FoodServiceImpl - Retrieved all foods 16
2024-09-02 00:13:09.432 [http-nio-2002-exec-8] INFO  c.u.r.service.impl.FoodServiceImpl - Got FoodItemDto(id=16, foodName=Potato, foodPrice=100.00)
2024-09-02 00:14:51.784 [http-nio-2002-exec-1] INFO  c.u.r.service.impl.FoodServiceImpl - Got FoodItemDto(id=4, foodName=Rice, foodPrice=100.00)
2024-09-02 00:14:57.406 [http-nio-2002-exec-2] INFO  c.u.r.service.impl.FoodServiceImpl - Retrieved all foods 16
2024-09-02 14:30:33.522 [http-nio-2002-exec-1] INFO  c.u.r.service.impl.FoodServiceImpl - Retrieved all foods 16
2024-09-02 14:30:35.052 [http-nio-2002-exec-6] WARN  c.u.r.service.impl.FoodServiceImpl - No food item found with name: favicon.ico
2024-09-02 14:30:41.709 [http-nio-2002-exec-8] INFO  c.u.r.service.impl.FoodServiceImpl - Retrieved all foods 16
2024-09-02 14:30:43.376 [http-nio-2002-exec-10] INFO  c.u.r.service.impl.FoodServiceImpl - Retrieved all foods 16
2024-09-02 14:31:13.170 [http-nio-2002-exec-4] INFO  c.u.r.service.impl.FoodServiceImpl - Got FoodItemDto(id=3, foodName=Agidi, foodPrice=10.00)
2024-09-02 14:31:17.503 [http-nio-2002-exec-5] INFO  c.u.r.service.impl.FoodServiceImpl - Retrieved all foods 16
2024-09-02 14:31:20.358 [http-nio-2002-exec-9] INFO  c.u.r.service.impl.FoodServiceImpl - Retrieved all foods 16
2024-09-02 14:31:52.660 [http-nio-2002-exec-6] INFO  c.u.r.service.impl.FoodServiceImpl - Food added: Jollof Rice 100
2024-09-02 14:32:01.858 [http-nio-2002-exec-10] INFO  c.u.r.service.impl.FoodServiceImpl - Retrieved all foods 17
2024-09-02 14:32:10.337 [http-nio-2002-exec-4] INFO  c.u.r.service.impl.FoodServiceImpl - Got FoodItemDto(id=11, foodName=Okro, foodPrice=100.00)
2024-09-02 14:32:32.436 [http-nio-2002-exec-10] INFO  c.u.r.service.impl.FoodServiceImpl - Food added: Jollof Rice 100
2024-09-02 14:32:34.583 [http-nio-2002-exec-2] INFO  c.u.r.service.impl.FoodServiceImpl - Retrieved all foods 18
2024-09-02 15:02:19.084 [http-nio-2002-exec-2] INFO  c.u.r.service.impl.FoodServiceImpl - Retrieved all foods 17
2024-09-02 15:02:43.846 [http-nio-2002-exec-10] INFO  c.u.r.service.impl.FoodServiceImpl - Retrieved all foods 17
2024-09-02 15:16:40.582 [http-nio-2002-exec-3] INFO  c.u.r.service.impl.FoodServiceImpl - Got FoodItemDto(id=5, foodName=Beans, foodPrice=100.00)
2024-09-02 15:27:37.824 [http-nio-2002-exec-1] INFO  c.u.r.service.impl.FoodServiceImpl - Retrieved all foods 17
2024-09-02 15:27:40.241 [http-nio-2002-exec-3] INFO  c.u.r.service.impl.FoodServiceImpl - Got FoodItemDto(id=5, foodName=Beans, foodPrice=100.00)
2024-09-02 15:53:31.769 [http-nio-2002-exec-1] INFO  c.u.r.service.impl.FoodServiceImpl - Retrieved all foods 17
2024-09-02 15:53:33.818 [http-nio-2002-exec-4] INFO  c.u.r.service.impl.FoodServiceImpl - Got FoodItemDto(id=5, foodName=Beans, foodPrice=100.00)
2024-09-02 15:54:06.272 [http-nio-2002-exec-6] INFO  c.u.r.service.impl.FoodServiceImpl - Retrieved all foods 17
2024-09-02 15:54:08.263 [http-nio-2002-exec-9] INFO  c.u.r.service.impl.FoodServiceImpl - Got FoodItemDto(id=5, foodName=Beans, foodPrice=100.00)
2024-09-02 16:08:02.247 [http-nio-2002-exec-1] INFO  c.u.r.service.impl.FoodServiceImpl - Retrieved all foods 17
2024-09-02 16:08:04.536 [http-nio-2002-exec-4] INFO  c.u.r.service.impl.FoodServiceImpl - Got FoodItemDto(id=17, foodName=Jollof Rice, foodPrice=100.00)
2024-09-02 16:09:45.160 [http-nio-2002-exec-1] INFO  c.u.r.service.impl.FoodServiceImpl - Retrieved all foods 17
2024-09-02 16:09:47.475 [http-nio-2002-exec-4] INFO  c.u.r.service.impl.FoodServiceImpl - Got FoodItemDto(id=9, foodName=Garri, foodPrice=100.00)
2024-09-02 16:09:54.617 [http-nio-2002-exec-5] INFO  c.u.r.service.impl.FoodServiceImpl - Got FoodItemDto(id=12, foodName=Egusi, foodPrice=200.00)
2024-09-02 16:10:00.420 [http-nio-2002-exec-6] INFO  c.u.r.service.impl.FoodServiceImpl - Retrieved all foods 17
2024-09-02 16:10:01.475 [http-nio-2002-exec-9] INFO  c.u.r.service.impl.FoodServiceImpl - Got FoodItemDto(id=7, foodName=Yam, foodPrice=100.00)
